// Jest Snapshot v1, https://goo.gl/fbAQLP

exports[`renders without crashing 1`] = `
<DocumentFragment>
  <div
    class="Carousel"
  >
    <h1>
      Shells from far-away beaches
    </h1>
    <div
      class="Carousel-main"
    >
      <i
        class="bi bi-arrow-left-circle"
      />
      <div
        class="Card"
      >
        <h4
          class="Card-title"
        />
        <img
          class="Card-image"
        />
        <small
          class="Card-small"
        >
          Image 1 of 6.
        </small>
      </div>
      <i
        class="bi bi-arrow-right-circle"
      />
    </div>
  </div>
</DocumentFragment>
`;
